buffer.c:24:6:buffer_append_str	12	static
buffer.c:30:6:buffer_append_int8	4	static
buffer.c:34:6:buffer_append_uint8	4	static
buffer.c:38:6:buffer_append_int16	4	static
buffer.c:43:6:buffer_append_uint16	4	static
buffer.c:48:6:buffer_append_int32	8	static
buffer.c:55:6:buffer_append_uint32	8	static
buffer.c:62:6:buffer_append_float16	8	static
buffer.c:66:6:buffer_append_float32	8	static
buffer.c:110:6:buffer_append_float32_auto	24	static
buffer.c:130:8:buffer_get_int8	0	static
buffer.c:136:9:buffer_get_uint8	0	static
buffer.c:142:9:buffer_get_int16	0	static
buffer.c:149:10:buffer_get_uint16	4	static
buffer.c:156:9:buffer_get_int32	8	static
buffer.c:165:10:buffer_get_uint32	8	static
buffer.c:174:7:buffer_get_float16	16	static
buffer.c:178:7:buffer_get_float32	16	static
buffer.c:182:7:buffer_get_float32_auto	16	static
