control.c:74:6:control_controlloop	8	static
control.c:300:6:control_check_parameters	16	static
control.c:38:6:control_init	24	static
control.c:331:6:control_disable	8	static
control.c:340:13:modConverterPWMOutputDisable	0	static
control.c:349:13:modConverterPWMOutputEnable	0	static
control.c:362:7:convertTemperature	24	static
control.c:375:7:noise	16	static
control.c:381:6:control_convert_vls	16	static
control.c:399:6:control_convert_vhs	16	static
control.c:414:6:control_convert_iind	16	static
control.c:432:6:control_convert_ihs	16	static
control.c:445:6:convertAdc5	32	static
control.c:451:6:HAL_ADC_ConvHalfCpltCallback	8	static
control.c:456:6:HAL_ADC_ConvCpltCallback	8	static
control.c:463:13:modConverterGetMode	0	static
control.c:467:14:modConverterGetFault	0	static
control.c:471:6:control_set_setpoint	0	static
control.c:484:7:control_get_setpoint	0	static
control.c:488:7:control_get_regulated_voltage	0	static
control.c:496:7:control_get_regulated_current	0	static
control.c:520:6:control_set_vhs_limit	0	static
