../src/buffer.c:24:6:buffer_append_str	8	static
../src/buffer.c:30:6:buffer_append_int8	4	static
../src/buffer.c:34:6:buffer_append_uint8	4	static
../src/buffer.c:38:6:buffer_append_int16	4	static
../src/buffer.c:43:6:buffer_append_uint16	4	static
../src/buffer.c:48:6:buffer_append_int32	4	static
../src/buffer.c:55:6:buffer_append_uint32	4	static
../src/buffer.c:62:6:buffer_append_float16	4	static
../src/buffer.c:66:6:buffer_append_float32	4	static
../src/buffer.c:110:6:buffer_append_float32_auto	16	static
../src/buffer.c:140:8:buffer_get_int8	0	static
../src/buffer.c:146:9:buffer_get_uint8	0	static
../src/buffer.c:152:9:buffer_get_int16	0	static
../src/buffer.c:159:10:buffer_get_uint16	0	static
../src/buffer.c:166:9:buffer_get_int32	4	static
../src/buffer.c:175:10:buffer_get_uint32	4	static
../src/buffer.c:184:7:buffer_get_float16	0	static
../src/buffer.c:188:7:buffer_get_float32	0	static
../src/buffer.c:192:7:buffer_get_float32_auto	4	static
