../src/control.c:43:6:control_init	24	static
../src/control.c:85:6:control_controlloop	72	static
../src/control.c:526:6:control_check_parameters	8	static
../src/control.c:563:6:control_disable	4	static
../src/control.c:573:13:modConverterPWMOutputDisable	0	static
../src/control.c:583:13:modConverterPWMOutputEnable	0	static
../src/control.c:599:7:convertTemperature	8	static
../src/control.c:612:7:noise	16	static
../src/control.c:618:6:control_convert_vls	16	static
../src/control.c:636:6:control_convert_vhs	16	static
../src/control.c:651:6:control_convert_iind	16	static
../src/control.c:670:6:control_convert_ihs	16	static
../src/control.c:689:6:convertAdc5	56	static
../src/control.c:695:6:HAL_ADC_ConvHalfCpltCallback	0	static
../src/control.c:700:6:HAL_ADC_ConvCpltCallback	0	static
../src/control.c:707:13:modConverterGetMode	0	static
../src/control.c:711:14:modConverterGetFault	0	static
../src/control.c:715:6:control_set_setpoint	0	static
../src/control.c:728:7:control_get_setpoint	0	static
../src/control.c:732:7:control_get_regulated_voltage	0	static
../src/control.c:740:7:control_get_regulated_current	0	static
../src/control.c:748:6:control_set_output_current_limit	0	static
../src/control.c:756:6:control_set_output_voltage_limit	0	static
../src/control.c:782:6:control_set_vhs_limit	0	static
../src/control.c:789:6:scope_trigger_fault	0	static
../src/control.c:800:6:scope_trigger	0	static
../src/control.c:811:6:scope_start	0	static
