stm32g4xx_hal_hrtim.c:550:19:HAL_HRTIM_Init	32	static
stm32g4xx_hal_hrtim.c:695:19:HAL_HRTIM_DeInit	16	static
stm32g4xx_hal_hrtim.c:731:13:HAL_HRTIM_MspInit	16	static
stm32g4xx_hal_hrtim.c:746:13:HAL_HRTIM_MspDeInit	16	static
stm32g4xx_hal_hrtim.c:771:19:HAL_HRTIM_DLLCalibrationStart	16	static
stm32g4xx_hal_hrtim.c:821:19:HAL_HRTIM_DLLCalibrationStart_IT	16	static
stm32g4xx_hal_hrtim.c:862:19:HAL_HRTIM_PollForDLLCalibration	24	static
stm32g4xx_hal_hrtim.c:912:19:HAL_HRTIM_TimeBaseConfig	24	static
stm32g4xx_hal_hrtim.c:984:19:HAL_HRTIM_SimpleBaseStart	16	static
stm32g4xx_hal_hrtim.c:1020:19:HAL_HRTIM_SimpleBaseStop	16	static
stm32g4xx_hal_hrtim.c:1057:19:HAL_HRTIM_SimpleBaseStart_IT	16	static
stm32g4xx_hal_hrtim.c:1104:19:HAL_HRTIM_SimpleBaseStop_IT	16	static
stm32g4xx_hal_hrtim.c:1154:19:HAL_HRTIM_SimpleBaseStart_DMA	32	static
stm32g4xx_hal_hrtim.c:1257:19:HAL_HRTIM_SimpleBaseStop_DMA	24	static
stm32g4xx_hal_hrtim.c:1382:19:HAL_HRTIM_SimpleOCChannelConfig	64	static
stm32g4xx_hal_hrtim.c:1561:19:HAL_HRTIM_SimpleOCStart	24	static
stm32g4xx_hal_hrtim.c:1614:19:HAL_HRTIM_SimpleOCStop	24	static
stm32g4xx_hal_hrtim.c:1672:19:HAL_HRTIM_SimpleOCStart_IT	32	static
stm32g4xx_hal_hrtim.c:1734:19:HAL_HRTIM_SimpleOCStop_IT	32	static
stm32g4xx_hal_hrtim.c:1804:19:HAL_HRTIM_SimpleOCStart_DMA	32	static
stm32g4xx_hal_hrtim.c:1914:19:HAL_HRTIM_SimpleOCStop_DMA	32	static
stm32g4xx_hal_hrtim.c:2025:19:HAL_HRTIM_SimplePWMChannelConfig	64	static
stm32g4xx_hal_hrtim.c:2148:19:HAL_HRTIM_SimplePWMStart	24	static
stm32g4xx_hal_hrtim.c:2201:19:HAL_HRTIM_SimplePWMStop	24	static
stm32g4xx_hal_hrtim.c:2255:19:HAL_HRTIM_SimplePWMStart_IT	24	static
stm32g4xx_hal_hrtim.c:2350:19:HAL_HRTIM_SimplePWMStop_IT	24	static
stm32g4xx_hal_hrtim.c:2449:19:HAL_HRTIM_SimplePWMStart_DMA	32	static
stm32g4xx_hal_hrtim.c:2593:19:HAL_HRTIM_SimplePWMStop_DMA	24	static
stm32g4xx_hal_hrtim.c:2720:19:HAL_HRTIM_SimpleCaptureChannelConfig	48	static
stm32g4xx_hal_hrtim.c:2792:19:HAL_HRTIM_SimpleCaptureStart	24	static
stm32g4xx_hal_hrtim.c:2864:19:HAL_HRTIM_SimpleCaptureStop	32	static
stm32g4xx_hal_hrtim.c:2947:19:HAL_HRTIM_SimpleCaptureStart_IT	24	static
stm32g4xx_hal_hrtim.c:3026:19:HAL_HRTIM_SimpleCaptureStop_IT	32	static
stm32g4xx_hal_hrtim.c:3120:19:HAL_HRTIM_SimpleCaptureStart_DMA	32	static
stm32g4xx_hal_hrtim.c:3234:19:HAL_HRTIM_SimpleCaptureStop_DMA	32	static
stm32g4xx_hal_hrtim.c:3384:19:HAL_HRTIM_SimpleOnePulseChannelConfig	80	static
stm32g4xx_hal_hrtim.c:3525:19:HAL_HRTIM_SimpleOnePulseStart	24	static
stm32g4xx_hal_hrtim.c:3578:19:HAL_HRTIM_SimpleOnePulseStop	24	static
stm32g4xx_hal_hrtim.c:3632:19:HAL_HRTIM_SimpleOnePulseStart_IT	24	static
stm32g4xx_hal_hrtim.c:3727:19:HAL_HRTIM_SimpleOnePulseStop_IT	24	static
stm32g4xx_hal_hrtim.c:3826:19:HAL_HRTIM_BurstModeConfig	24	static
stm32g4xx_hal_hrtim.c:3906:19:HAL_HRTIM_EventConfig	24	static
stm32g4xx_hal_hrtim.c:3951:19:HAL_HRTIM_EventPrescalerConfig	16	static
stm32g4xx_hal_hrtim.c:3994:19:HAL_HRTIM_FaultConfig	40	static
stm32g4xx_hal_hrtim.c:4145:19:HAL_HRTIM_FaultPrescalerConfig	16	static
stm32g4xx_hal_hrtim.c:4188:19:HAL_HRTIM_FaultBlankingConfigAndEnable	24	static
stm32g4xx_hal_hrtim.c:4299:19:HAL_HRTIM_FaultCounterConfig	24	static
stm32g4xx_hal_hrtim.c:4406:19:HAL_HRTIM_FaultCounterReset	16	static
stm32g4xx_hal_hrtim.c:4496:6:HAL_HRTIM_FaultModeCtl	24	static
stm32g4xx_hal_hrtim.c:4558:19:HAL_HRTIM_ADCTriggerConfig	32	static
stm32g4xx_hal_hrtim.c:4745:19:HAL_HRTIM_ADCPostScalerConfig	24	static
stm32g4xx_hal_hrtim.c:4868:19:HAL_HRTIM_RollOverModeConfig	24	static
stm32g4xx_hal_hrtim.c:4957:19:HAL_HRTIM_WaveformTimerConfig	24	static
stm32g4xx_hal_hrtim.c:5052:19:HAL_HRTIM_WaveformTimerControl	24	static
stm32g4xx_hal_hrtim.c:5108:19:HAL_HRTIM_TimerDualChannelDacConfig	24	static
stm32g4xx_hal_hrtim.c:5174:19:HAL_HRTIM_TimerEventFilteringConfig	24	static
stm32g4xx_hal_hrtim.c:5310:19:HAL_HRTIM_ExtEventCounterConfig	32	static
stm32g4xx_hal_hrtim.c:5395:19:HAL_HRTIM_ExtEventCounterEnable	24	static
stm32g4xx_hal_hrtim.c:5447:19:HAL_HRTIM_ExtEventCounterDisable	24	static
stm32g4xx_hal_hrtim.c:5501:19:HAL_HRTIM_ExtEventCounterReset	24	static
stm32g4xx_hal_hrtim.c:5551:19:HAL_HRTIM_DeadTimeConfig	32	static
stm32g4xx_hal_hrtim.c:5617:19:HAL_HRTIM_ChopperModeConfig	32	static
stm32g4xx_hal_hrtim.c:5695:19:HAL_HRTIM_BurstDMAConfig	24	static
stm32g4xx_hal_hrtim.c:5809:19:HAL_HRTIM_WaveformCompareConfig	24	static
stm32g4xx_hal_hrtim.c:6011:19:HAL_HRTIM_WaveformCaptureConfig	32	static
stm32g4xx_hal_hrtim.c:6120:19:HAL_HRTIM_WaveformOutputConfig	24	static
stm32g4xx_hal_hrtim.c:6191:19:HAL_HRTIM_WaveformSetOutputLevel	24	static
stm32g4xx_hal_hrtim.c:6297:19:HAL_HRTIM_WaveformOutputStart	16	static
stm32g4xx_hal_hrtim.c:6339:19:HAL_HRTIM_WaveformOutputStop	16	static
stm32g4xx_hal_hrtim.c:6376:19:HAL_HRTIM_WaveformCountStart	16	static
stm32g4xx_hal_hrtim.c:6414:19:HAL_HRTIM_WaveformCountStop	16	static
stm32g4xx_hal_hrtim.c:6455:19:HAL_HRTIM_WaveformCountStart_IT	24	static
stm32g4xx_hal_hrtim.c:6518:19:HAL_HRTIM_WaveformCountStop_IT	24	static
stm32g4xx_hal_hrtim.c:6591:19:HAL_HRTIM_WaveformCountStart_DMA	32	static
stm32g4xx_hal_hrtim.c:6713:19:HAL_HRTIM_WaveformCountStop_DMA	24	static
stm32g4xx_hal_hrtim.c:6788:19:HAL_HRTIM_BurstModeCtl	16	static
stm32g4xx_hal_hrtim.c:6820:19:HAL_HRTIM_BurstModeSoftwareTrigger	16	static
stm32g4xx_hal_hrtim.c:6862:19:HAL_HRTIM_SoftwareCapture	24	static
stm32g4xx_hal_hrtim.c:6935:19:HAL_HRTIM_SoftwareUpdate	16	static
stm32g4xx_hal_hrtim.c:6976:19:HAL_HRTIM_SwapTimerOutput	16	static
stm32g4xx_hal_hrtim.c:7019:19:HAL_HRTIM_SoftwareReset	16	static
stm32g4xx_hal_hrtim.c:7059:19:HAL_HRTIM_OutputSwapEnable	16	static
stm32g4xx_hal_hrtim.c:7099:19:HAL_HRTIM_OutputSwapDisable	16	static
stm32g4xx_hal_hrtim.c:7152:19:HAL_HRTIM_BurstDMATransfer	32	static
stm32g4xx_hal_hrtim.c:7237:19:HAL_HRTIM_UpdateEnable	16	static
stm32g4xx_hal_hrtim.c:7274:19:HAL_HRTIM_UpdateDisable	16	static
stm32g4xx_hal_hrtim.c:7326:24:HAL_HRTIM_GetState	16	static
stm32g4xx_hal_hrtim.c:7349:10:HAL_HRTIM_GetCapturedValue	32	static
stm32g4xx_hal_hrtim.c:7407:27:HAL_HRTIM_GetCaptured	40	static
stm32g4xx_hal_hrtim.c:7464:10:HAL_HRTIM_GetCapturedDir	32	static
stm32g4xx_hal_hrtim.c:7525:10:HAL_HRTIM_WaveformGetOutputLevel	32	static
stm32g4xx_hal_hrtim.c:7619:10:HAL_HRTIM_WaveformGetOutputState	32	static
stm32g4xx_hal_hrtim.c:7770:10:HAL_HRTIM_GetDelayedProtectionStatus	32	static
stm32g4xx_hal_hrtim.c:7846:10:HAL_HRTIM_GetBurstStatus	24	static
stm32g4xx_hal_hrtim.c:7870:10:HAL_HRTIM_GetCurrentPushPullStatus	24	static
stm32g4xx_hal_hrtim.c:7899:10:HAL_HRTIM_GetIdlePushPullStatus	24	static
stm32g4xx_hal_hrtim.c:7987:6:HAL_HRTIM_IRQHandler	16	static
stm32g4xx_hal_hrtim.c:8013:13:HAL_HRTIM_Fault1Callback	16	static
stm32g4xx_hal_hrtim.c:8028:13:HAL_HRTIM_Fault2Callback	16	static
stm32g4xx_hal_hrtim.c:8043:13:HAL_HRTIM_Fault3Callback	16	static
stm32g4xx_hal_hrtim.c:8058:13:HAL_HRTIM_Fault4Callback	16	static
stm32g4xx_hal_hrtim.c:8073:13:HAL_HRTIM_Fault5Callback	16	static
stm32g4xx_hal_hrtim.c:8088:13:HAL_HRTIM_Fault6Callback	16	static
stm32g4xx_hal_hrtim.c:8103:13:HAL_HRTIM_SystemFaultCallback	16	static
stm32g4xx_hal_hrtim.c:8118:13:HAL_HRTIM_DLLCalibrationReadyCallback	16	static
stm32g4xx_hal_hrtim.c:8133:13:HAL_HRTIM_BurstModePeriodCallback	16	static
stm32g4xx_hal_hrtim.c:8148:13:HAL_HRTIM_SynchronizationEventCallback	16	static
stm32g4xx_hal_hrtim.c:8172:13:HAL_HRTIM_RegistersUpdateCallback	16	static
stm32g4xx_hal_hrtim.c:8198:13:HAL_HRTIM_RepetitionEventCallback	16	static
stm32g4xx_hal_hrtim.c:8225:13:HAL_HRTIM_Compare1EventCallback	16	static
stm32g4xx_hal_hrtim.c:8252:13:HAL_HRTIM_Compare2EventCallback	16	static
stm32g4xx_hal_hrtim.c:8279:13:HAL_HRTIM_Compare3EventCallback	16	static
stm32g4xx_hal_hrtim.c:8306:13:HAL_HRTIM_Compare4EventCallback	16	static
stm32g4xx_hal_hrtim.c:8331:13:HAL_HRTIM_Capture1EventCallback	16	static
stm32g4xx_hal_hrtim.c:8356:13:HAL_HRTIM_Capture2EventCallback	16	static
stm32g4xx_hal_hrtim.c:8382:13:HAL_HRTIM_DelayedProtectionCallback	16	static
stm32g4xx_hal_hrtim.c:8408:13:HAL_HRTIM_CounterResetCallback	16	static
stm32g4xx_hal_hrtim.c:8433:13:HAL_HRTIM_Output1SetCallback	16	static
stm32g4xx_hal_hrtim.c:8458:13:HAL_HRTIM_Output1ResetCallback	16	static
stm32g4xx_hal_hrtim.c:8483:13:HAL_HRTIM_Output2SetCallback	16	static
stm32g4xx_hal_hrtim.c:8508:13:HAL_HRTIM_Output2ResetCallback	16	static
stm32g4xx_hal_hrtim.c:8534:13:HAL_HRTIM_BurstDMATransferCallback	16	static
stm32g4xx_hal_hrtim.c:8551:13:HAL_HRTIM_ErrorCallback	16	static
stm32g4xx_hal_hrtim.c:9094:13:HRTIM_MasterBase_Config	24	static
stm32g4xx_hal_hrtim.c:9123:13:HRTIM_TimingUnitBase_Config	32	static
stm32g4xx_hal_hrtim.c:9152:13:HRTIM_MasterWaveform_Config	24	static
stm32g4xx_hal_hrtim.c:9230:14:HRTIM_TimingUnitWaveform_Config	48	static
stm32g4xx_hal_hrtim.c:9417:13:HRTIM_TimingUnitWaveform_Control	32	static
stm32g4xx_hal_hrtim.c:9468:14:HRTIM_TimingUnitRollOver_Config	32	static
stm32g4xx_hal_hrtim.c:9499:13:HRTIM_CaptureUnitConfig	32	static
stm32g4xx_hal_hrtim.c:9599:14:HRTIM_OutputConfig	40	static
stm32g4xx_hal_hrtim.c:9692:13:HRTIM_EventConfig	40	static
stm32g4xx_hal_hrtim.c:9868:13:HRTIM_TIM_ResetConfig	24	static
stm32g4xx_hal_hrtim.c:9960:17:HRTIM_GetITFromOCMode	40	static
stm32g4xx_hal_hrtim.c:10070:17:HRTIM_GetDMAFromOCMode	40	static
stm32g4xx_hal_hrtim.c:10159:28:HRTIM_GetDMAHandleFromTimerIdx	24	static
stm32g4xx_hal_hrtim.c:10215:17:GetTimerIdxFromDMAHandle	24	static
stm32g4xx_hal_hrtim.c:10262:13:HRTIM_ForceRegistersUpdate	16	static
stm32g4xx_hal_hrtim.c:10320:13:HRTIM_HRTIM_ISR	24	static
stm32g4xx_hal_hrtim.c:10443:13:HRTIM_Master_ISR	32	static
stm32g4xx_hal_hrtim.c:10614:13:HRTIM_Timer_ISR	24	static
stm32g4xx_hal_hrtim.c:10850:13:HRTIM_DMAMasterCplt	24	static
stm32g4xx_hal_hrtim.c:10921:13:HRTIM_DMATimerxCplt	24	static
stm32g4xx_hal_hrtim.c:11054:13:HRTIM_DMAError	24	static
stm32g4xx_hal_hrtim.c:11070:13:HRTIM_BurstDMACplt	24	static
