stm32g4xx_hal_fmac.c:388:19:HAL_FMAC_Init	24	static
stm32g4xx_hal_fmac.c:461:19:HAL_FMAC_DeInit	16	static
stm32g4xx_hal_fmac.c:508:13:HAL_FMAC_MspInit	16	static
stm32g4xx_hal_fmac.c:523:13:HAL_FMAC_MspDeInit	16	static
stm32g4xx_hal_fmac.c:809:19:HAL_FMAC_FilterConfig	16	static
stm32g4xx_hal_fmac.c:825:19:HAL_FMAC_FilterConfig_DMA	16	static
stm32g4xx_hal_fmac.c:849:19:HAL_FMAC_FilterPreload	32	static
stm32g4xx_hal_fmac.c:874:19:HAL_FMAC_FilterPreload_DMA	32	static
stm32g4xx_hal_fmac.c:892:19:HAL_FMAC_FilterStart	32	static
stm32g4xx_hal_fmac.c:977:19:HAL_FMAC_AppendFilterData	32	static
stm32g4xx_hal_fmac.c:1033:19:HAL_FMAC_ConfigFilterOutputBuffer	32	static
stm32g4xx_hal_fmac.c:1094:19:HAL_FMAC_PollFilterData	32	static
stm32g4xx_hal_fmac.c:1213:19:HAL_FMAC_FilterStop	24	static
stm32g4xx_hal_fmac.c:1294:13:HAL_FMAC_ErrorCallback	16	static
stm32g4xx_hal_fmac.c:1310:13:HAL_FMAC_HalfGetDataCallback	16	static
stm32g4xx_hal_fmac.c:1326:13:HAL_FMAC_GetDataCallback	16	static
stm32g4xx_hal_fmac.c:1342:13:HAL_FMAC_HalfOutputDataReadyCallback	16	static
stm32g4xx_hal_fmac.c:1358:13:HAL_FMAC_OutputDataReadyCallback	16	static
stm32g4xx_hal_fmac.c:1374:13:HAL_FMAC_FilterConfigCallback	16	static
stm32g4xx_hal_fmac.c:1390:13:HAL_FMAC_FilterPreloadCallback	16	static
stm32g4xx_hal_fmac.c:1423:6:HAL_FMAC_IRQHandler	24	static
stm32g4xx_hal_fmac.c:1539:23:HAL_FMAC_GetState	16	static
stm32g4xx_hal_fmac.c:1552:10:HAL_FMAC_GetError	16	static
stm32g4xx_hal_fmac.c:1580:26:FMAC_Reset	24	static
stm32g4xx_hal_fmac.c:1609:13:FMAC_ResetDataPointers	16	static
stm32g4xx_hal_fmac.c:1620:13:FMAC_ResetInputStateAndDataPointers	16	static
stm32g4xx_hal_fmac.c:1633:13:FMAC_ResetOutputStateAndDataPointers	16	static
stm32g4xx_hal_fmac.c:1652:26:FMAC_FilterConfig	32	static
stm32g4xx_hal_fmac.c:1865:26:FMAC_FilterPreload	32	static
stm32g4xx_hal_fmac.c:2017:13:FMAC_WritePreloadDataIncrementPtr	32	static
stm32g4xx_hal_fmac.c:2036:26:FMAC_WaitOnStartUntilTimeout	24	static
stm32g4xx_hal_fmac.c:2060:26:FMAC_AppendFilterDataUpdateState	24	static
stm32g4xx_hal_fmac.c:2104:26:FMAC_ConfigFilterOutputBufferUpdateState	24	static
stm32g4xx_hal_fmac.c:2158:13:FMAC_ReadDataIncrementPtr	32	static
stm32g4xx_hal_fmac.c:2222:13:FMAC_WriteDataIncrementPtr	24	static
stm32g4xx_hal_fmac.c:2281:13:FMAC_DMAHalfGetData	24	static
stm32g4xx_hal_fmac.c:2298:13:FMAC_DMAGetData	24	static
stm32g4xx_hal_fmac.c:2318:13:FMAC_DMAHalfOutputDataReady	24	static
stm32g4xx_hal_fmac.c:2335:13:FMAC_DMAOutputDataReady	24	static
stm32g4xx_hal_fmac.c:2355:13:FMAC_DMAFilterConfig	24	static
stm32g4xx_hal_fmac.c:2430:13:FMAC_DMAFilterPreload	24	static
stm32g4xx_hal_fmac.c:2511:13:FMAC_DMAError	24	static
