../Drivers/STM32G4xx_HAL_Driver/Src/stm32g4xx_hal_sram.c:256:13:HAL_SRAM_MspInit	0	static
../Drivers/STM32G4xx_HAL_Driver/Src/stm32g4xx_hal_sram.c:168:19:HAL_SRAM_Init	16	static
../Drivers/STM32G4xx_HAL_Driver/Src/stm32g4xx_hal_sram.c:272:13:HAL_SRAM_MspDeInit	0	static
../Drivers/STM32G4xx_HAL_Driver/Src/stm32g4xx_hal_sram.c:223:19:HAL_SRAM_DeInit	8	static
../Drivers/STM32G4xx_HAL_Driver/Src/stm32g4xx_hal_sram.c:288:13:HAL_SRAM_DMA_XferCpltCallback	0	static
../Drivers/STM32G4xx_HAL_Driver/Src/stm32g4xx_hal_sram.c:1061:13:SRAM_DMACpltProt	8	static
../Drivers/STM32G4xx_HAL_Driver/Src/stm32g4xx_hal_sram.c:1039:13:SRAM_DMACplt	8	static
../Drivers/STM32G4xx_HAL_Driver/Src/stm32g4xx_hal_sram.c:304:13:HAL_SRAM_DMA_XferErrorCallback	0	static
../Drivers/STM32G4xx_HAL_Driver/Src/stm32g4xx_hal_sram.c:1083:13:SRAM_DMAError	8	static
../Drivers/STM32G4xx_HAL_Driver/Src/stm32g4xx_hal_sram.c:341:19:HAL_SRAM_Read_8b	4	static
../Drivers/STM32G4xx_HAL_Driver/Src/stm32g4xx_hal_sram.c:389:19:HAL_SRAM_Write_8b	4	static
../Drivers/STM32G4xx_HAL_Driver/Src/stm32g4xx_hal_sram.c:436:19:HAL_SRAM_Read_16b	12	static
../Drivers/STM32G4xx_HAL_Driver/Src/stm32g4xx_hal_sram.c:496:19:HAL_SRAM_Write_16b	8	static
../Drivers/STM32G4xx_HAL_Driver/Src/stm32g4xx_hal_sram.c:555:19:HAL_SRAM_Read_32b	4	static
../Drivers/STM32G4xx_HAL_Driver/Src/stm32g4xx_hal_sram.c:603:19:HAL_SRAM_Write_32b	4	static
../Drivers/STM32G4xx_HAL_Driver/Src/stm32g4xx_hal_sram.c:650:19:HAL_SRAM_Read_DMA	16	static
../Drivers/STM32G4xx_HAL_Driver/Src/stm32g4xx_hal_sram.c:699:19:HAL_SRAM_Write_DMA	16	static
../Drivers/STM32G4xx_HAL_Driver/Src/stm32g4xx_hal_sram.c:934:19:HAL_SRAM_WriteOperation_Enable	16	static
../Drivers/STM32G4xx_HAL_Driver/Src/stm32g4xx_hal_sram.c:968:19:HAL_SRAM_WriteOperation_Disable	8	static
../Drivers/STM32G4xx_HAL_Driver/Src/stm32g4xx_hal_sram.c:1021:23:HAL_SRAM_GetState	0	static
