../Drivers/STM32G4xx_HAL_Driver/Src/stm32g4xx_hal_dma_ex.c:96:19:HAL_DMAEx_ConfigMuxSync	8	static
../Drivers/STM32G4xx_HAL_Driver/Src/stm32g4xx_hal_dma_ex.c:142:19:HAL_DMAEx_ConfigMuxRequestGenerator	4	static,ignoring_inline_asm
../Drivers/STM32G4xx_HAL_Driver/Src/stm32g4xx_hal_dma_ex.c:182:19:HAL_DMAEx_EnableMuxRequestGenerator	0	static
../Drivers/STM32G4xx_HAL_Driver/Src/stm32g4xx_hal_dma_ex.c:210:19:HAL_DMAEx_DisableMuxRequestGenerator	0	static
../Drivers/STM32G4xx_HAL_Driver/Src/stm32g4xx_hal_dma_ex.c:238:6:HAL_DMAEx_MUX_IRQHandler	16	static
