../Drivers/STM32G4xx_HAL_Driver/Src/stm32g4xx_ll_utils.c:278:13:LL_SetFlashLatency.part.0	0	static
../Drivers/STM32G4xx_HAL_Driver/Src/stm32g4xx_ll_utils.c:630:20:UTILS_EnablePLLAndSwitchSystem	16	static
../Drivers/STM32G4xx_HAL_Driver/Src/stm32g4xx_ll_utils.c:168:6:LL_Init1msTick	0	static
../Drivers/STM32G4xx_HAL_Driver/Src/stm32g4xx_ll_utils.c:184:6:LL_mDelay	8	static
../Drivers/STM32G4xx_HAL_Driver/Src/stm32g4xx_ll_utils.c:264:6:LL_SetSystemCoreClock	0	static
../Drivers/STM32G4xx_HAL_Driver/Src/stm32g4xx_ll_utils.c:278:13:LL_SetFlashLatency	0	static
../Drivers/STM32G4xx_HAL_Driver/Src/stm32g4xx_ll_utils.c:398:13:LL_PLL_ConfigSystemClock_HSI	32	static
../Drivers/STM32G4xx_HAL_Driver/Src/stm32g4xx_ll_utils.c:480:13:LL_PLL_ConfigSystemClock_HSE	24	static
