control.c:38:6:control_init	24	static
control.c:74:6:control_controlloop	64	static
control.c:301:6:control_check_parameters	24	static
control.c:339:6:control_disable	8	static
control.c:348:13:modConverterPWMOutputDisable	4	static
control.c:357:13:modConverterPWMOutputEnable	8	static
control.c:370:7:convertTemperature	40	static
control.c:383:7:noise	16	static
control.c:389:6:control_convert_vls	24	static
control.c:407:6:control_convert_vhs	24	static
control.c:422:6:control_convert_iind	24	static
control.c:440:6:control_convert_ihs	24	static
control.c:453:6:convertAdc5	24	static
control.c:459:6:HAL_ADC_ConvHalfCpltCallback	16	static
control.c:464:6:HAL_ADC_ConvCpltCallback	16	static
control.c:471:13:modConverterGetMode	4	static
control.c:475:14:modConverterGetFault	4	static
control.c:479:6:control_set_setpoint	16	static
control.c:492:7:control_get_setpoint	4	static
control.c:496:7:control_get_regulated_voltage	4	static
control.c:504:7:control_get_regulated_current	4	static
control.c:528:6:control_set_vhs_limit	16	static
