main.c:37:6:main_init_after_config	8	static
main.c:43:5:main	32	static
main.c:83:6:system_clock_config	168	static
main.c:130:6:HAL_MspInit	16	static
main.c:156:6:main_halt_risky	8	static
main.c:163:6:Error_Handler	4	static
main.c:167:6:NMI_Handler	4	static
main.c:171:6:HardFault_Handler	4	static
main.c:177:6:MemManage_Handler	4	static
main.c:184:6:BusFault_Handler	4	static
main.c:191:6:UsageFault_Handler	4	static
main.c:198:6:SVC_Handler	4	static
main.c:202:6:DebugMon_Handler	4	static
main.c:206:6:PendSV_Handler	4	static
main.c:210:6:SysTick_Handler	8	static
