stm32g4xx_hal_adc.c:921:13:HAL_ADC_MspInit	0	static
stm32g4xx_hal_adc.c:403:19:HAL_ADC_Init	24	static
stm32g4xx_hal_adc.c:938:13:HAL_ADC_MspDeInit	0	static
stm32g4xx_hal_adc.c:1417:19:HAL_ADC_PollForConversion	24	static
stm32g4xx_hal_adc.c:1600:19:HAL_ADC_PollForEvent	24	static
stm32g4xx_hal_adc.c:2235:10:HAL_ADC_GetValue	0	static
stm32g4xx_hal_adc.c:2256:19:HAL_ADC_StartSampling	0	static
stm32g4xx_hal_adc.c:2278:19:HAL_ADC_StopSampling	0	static
stm32g4xx_hal_adc.c:2667:13:HAL_ADC_ConvCpltCallback	0	static
stm32g4xx_hal_adc.c:2682:13:HAL_ADC_ConvHalfCpltCallback	0	static
stm32g4xx_hal_adc.c:3641:6:ADC_DMAHalfConvCplt	8	static
stm32g4xx_hal_adc.c:2697:13:HAL_ADC_LevelOutOfWindowCallback	0	static
stm32g4xx_hal_adc.c:2719:13:HAL_ADC_ErrorCallback	0	static
stm32g4xx_hal_adc.c:2295:6:HAL_ADC_IRQHandler	24	static
stm32g4xx_hal_adc.c:3563:6:ADC_DMAConvCplt	8	static
stm32g4xx_hal_adc.c:3659:6:ADC_DMAError	8	static
stm32g4xx_hal_adc.c:2765:19:HAL_ADC_ConfigChannel	32	static,ignoring_inline_asm
stm32g4xx_hal_adc.c:2998:19:HAL_ADC_AnalogWDGConfig	16	static,ignoring_inline_asm
stm32g4xx_hal_adc.c:3253:10:HAL_ADC_GetState	0	static
stm32g4xx_hal_adc.c:3267:10:HAL_ADC_GetError	0	static
stm32g4xx_hal_adc.c:3297:19:ADC_ConversionStop	16	static
stm32g4xx_hal_adc.c:3429:19:ADC_Enable	16	static
stm32g4xx_hal_adc.c:1228:19:HAL_ADC_Start	16	static
stm32g4xx_hal_adc.c:1749:19:HAL_ADC_Start_IT	16	static
stm32g4xx_hal_adc.c:2009:19:HAL_ADC_Start_DMA	24	static
stm32g4xx_hal_adc.c:3501:19:ADC_Disable	16	static
stm32g4xx_hal_adc.c:722:19:HAL_ADC_DeInit	24	static
stm32g4xx_hal_adc.c:1363:19:HAL_ADC_Stop	8	static
stm32g4xx_hal_adc.c:1956:19:HAL_ADC_Stop_IT	8	static
stm32g4xx_hal_adc.c:2150:19:HAL_ADC_Stop_DMA	16	static
