stm32g4xx_hal_uart_ex.c:166:19:HAL_RS485Ex_Init	24	static
stm32g4xx_hal_uart_ex.c:272:13:HAL_UARTEx_WakeupCallback	0	static
stm32g4xx_hal_uart_ex.c:287:13:HAL_UARTEx_RxFifoFullCallback	0	static
stm32g4xx_hal_uart_ex.c:302:13:HAL_UARTEx_TxFifoEmptyCallback	0	static
stm32g4xx_hal_uart_ex.c:387:19:HAL_MultiProcessorEx_AddressLength_Set	4	static
stm32g4xx_hal_uart_ex.c:425:19:HAL_UARTEx_StopModeWakeUpSourceConfig	24	static
stm32g4xx_hal_uart_ex.c:480:19:HAL_UARTEx_EnableStopMode	0	static
stm32g4xx_hal_uart_ex.c:499:19:HAL_UARTEx_DisableStopMode	0	static
stm32g4xx_hal_uart_ex.c:518:19:HAL_UARTEx_EnableFifoMode	12	static
stm32g4xx_hal_uart_ex.c:559:19:HAL_UARTEx_DisableFifoMode	8	static
stm32g4xx_hal_uart_ex.c:605:19:HAL_UARTEx_SetTxFifoThreshold	16	static
stm32g4xx_hal_uart_ex.c:654:19:HAL_UARTEx_SetRxFifoThreshold	16	static
stm32g4xx_hal_uart_ex.c:711:19:HAL_UARTEx_ReceiveToIdle	40	static
stm32g4xx_hal_uart_ex.c:836:19:HAL_UARTEx_ReceiveToIdle_IT	16	static
stm32g4xx_hal_uart_ex.c:898:19:HAL_UARTEx_ReceiveToIdle_DMA	16	static
