stm32g4xx_hal_hrtim.c:731:13:HAL_HRTIM_MspInit	0	static
stm32g4xx_hal_hrtim.c:550:19:HAL_HRTIM_Init	16	static
stm32g4xx_hal_hrtim.c:746:13:HAL_HRTIM_MspDeInit	0	static
stm32g4xx_hal_hrtim.c:695:19:HAL_HRTIM_DeInit	8	static
stm32g4xx_hal_hrtim.c:771:19:HAL_HRTIM_DLLCalibrationStart	0	static
stm32g4xx_hal_hrtim.c:821:19:HAL_HRTIM_DLLCalibrationStart_IT	4	static
stm32g4xx_hal_hrtim.c:862:19:HAL_HRTIM_PollForDLLCalibration	16	static
stm32g4xx_hal_hrtim.c:912:19:HAL_HRTIM_TimeBaseConfig	8	static
stm32g4xx_hal_hrtim.c:984:19:HAL_HRTIM_SimpleBaseStart	4	static
stm32g4xx_hal_hrtim.c:1020:19:HAL_HRTIM_SimpleBaseStop	0	static
stm32g4xx_hal_hrtim.c:1057:19:HAL_HRTIM_SimpleBaseStart_IT	8	static
stm32g4xx_hal_hrtim.c:1104:19:HAL_HRTIM_SimpleBaseStop_IT	4	static
stm32g4xx_hal_hrtim.c:1154:19:HAL_HRTIM_SimpleBaseStart_DMA	16	static
stm32g4xx_hal_hrtim.c:1257:19:HAL_HRTIM_SimpleBaseStop_DMA	16	static
stm32g4xx_hal_hrtim.c:1382:19:HAL_HRTIM_SimpleOCChannelConfig	20	static
stm32g4xx_hal_hrtim.c:1561:19:HAL_HRTIM_SimpleOCStart	8	static
stm32g4xx_hal_hrtim.c:1614:19:HAL_HRTIM_SimpleOCStop	8	static
stm32g4xx_hal_hrtim.c:1672:19:HAL_HRTIM_SimpleOCStart_IT	16	static
stm32g4xx_hal_hrtim.c:1734:19:HAL_HRTIM_SimpleOCStop_IT	12	static
stm32g4xx_hal_hrtim.c:1804:19:HAL_HRTIM_SimpleOCStart_DMA	24	static
stm32g4xx_hal_hrtim.c:1914:19:HAL_HRTIM_SimpleOCStop_DMA	24	static
stm32g4xx_hal_hrtim.c:2025:19:HAL_HRTIM_SimplePWMChannelConfig	16	static
stm32g4xx_hal_hrtim.c:2148:19:HAL_HRTIM_SimplePWMStart	8	static
stm32g4xx_hal_hrtim.c:2201:19:HAL_HRTIM_SimplePWMStop	8	static
stm32g4xx_hal_hrtim.c:2255:19:HAL_HRTIM_SimplePWMStart_IT	8	static
stm32g4xx_hal_hrtim.c:2350:19:HAL_HRTIM_SimplePWMStop_IT	8	static
stm32g4xx_hal_hrtim.c:2449:19:HAL_HRTIM_SimplePWMStart_DMA	16	static
stm32g4xx_hal_hrtim.c:2593:19:HAL_HRTIM_SimplePWMStop_DMA	16	static
stm32g4xx_hal_hrtim.c:2720:19:HAL_HRTIM_SimpleCaptureChannelConfig	28	static
stm32g4xx_hal_hrtim.c:2792:19:HAL_HRTIM_SimpleCaptureStart	4	static
stm32g4xx_hal_hrtim.c:2864:19:HAL_HRTIM_SimpleCaptureStop	4	static
stm32g4xx_hal_hrtim.c:2947:19:HAL_HRTIM_SimpleCaptureStart_IT	4	static
stm32g4xx_hal_hrtim.c:3026:19:HAL_HRTIM_SimpleCaptureStop_IT	4	static
stm32g4xx_hal_hrtim.c:3120:19:HAL_HRTIM_SimpleCaptureStart_DMA	16	static
stm32g4xx_hal_hrtim.c:3234:19:HAL_HRTIM_SimpleCaptureStop_DMA	16	static
stm32g4xx_hal_hrtim.c:3384:19:HAL_HRTIM_SimpleOnePulseChannelConfig	20	static
stm32g4xx_hal_hrtim.c:3525:19:HAL_HRTIM_SimpleOnePulseStart	8	static
stm32g4xx_hal_hrtim.c:3578:19:HAL_HRTIM_SimpleOnePulseStop	8	static
stm32g4xx_hal_hrtim.c:3632:19:HAL_HRTIM_SimpleOnePulseStart_IT	8	static
stm32g4xx_hal_hrtim.c:3727:19:HAL_HRTIM_SimpleOnePulseStop_IT	8	static
stm32g4xx_hal_hrtim.c:3826:19:HAL_HRTIM_BurstModeConfig	12	static
stm32g4xx_hal_hrtim.c:3906:19:HAL_HRTIM_EventConfig	16	static
stm32g4xx_hal_hrtim.c:3951:19:HAL_HRTIM_EventPrescalerConfig	4	static
stm32g4xx_hal_hrtim.c:3994:19:HAL_HRTIM_FaultConfig	24	static
stm32g4xx_hal_hrtim.c:4145:19:HAL_HRTIM_FaultPrescalerConfig	4	static
stm32g4xx_hal_hrtim.c:4188:19:HAL_HRTIM_FaultBlankingConfigAndEnable	4	static
stm32g4xx_hal_hrtim.c:4299:19:HAL_HRTIM_FaultCounterConfig	8	static
stm32g4xx_hal_hrtim.c:4406:19:HAL_HRTIM_FaultCounterReset	0	static
stm32g4xx_hal_hrtim.c:4496:6:HAL_HRTIM_FaultModeCtl	8	static
stm32g4xx_hal_hrtim.c:4558:19:HAL_HRTIM_ADCTriggerConfig	12	static
stm32g4xx_hal_hrtim.c:4745:19:HAL_HRTIM_ADCPostScalerConfig	4	static
stm32g4xx_hal_hrtim.c:4868:19:HAL_HRTIM_RollOverModeConfig	4	static
stm32g4xx_hal_hrtim.c:4957:19:HAL_HRTIM_WaveformTimerConfig	36	static
stm32g4xx_hal_hrtim.c:5052:19:HAL_HRTIM_WaveformTimerControl	16	static
stm32g4xx_hal_hrtim.c:5108:19:HAL_HRTIM_TimerDualChannelDacConfig	12	static
stm32g4xx_hal_hrtim.c:5174:19:HAL_HRTIM_TimerEventFilteringConfig	8	static
stm32g4xx_hal_hrtim.c:5310:19:HAL_HRTIM_ExtEventCounterConfig	20	static
stm32g4xx_hal_hrtim.c:5395:19:HAL_HRTIM_ExtEventCounterEnable	4	static
stm32g4xx_hal_hrtim.c:5447:19:HAL_HRTIM_ExtEventCounterDisable	4	static
stm32g4xx_hal_hrtim.c:5501:19:HAL_HRTIM_ExtEventCounterReset	4	static
stm32g4xx_hal_hrtim.c:5551:19:HAL_HRTIM_DeadTimeConfig	16	static
stm32g4xx_hal_hrtim.c:5617:19:HAL_HRTIM_ChopperModeConfig	8	static
stm32g4xx_hal_hrtim.c:5695:19:HAL_HRTIM_BurstDMAConfig	4	static
stm32g4xx_hal_hrtim.c:5809:19:HAL_HRTIM_WaveformCompareConfig	8	static
stm32g4xx_hal_hrtim.c:6011:19:HAL_HRTIM_WaveformCaptureConfig	16	static
stm32g4xx_hal_hrtim.c:6120:19:HAL_HRTIM_WaveformOutputConfig	20	static
stm32g4xx_hal_hrtim.c:6191:19:HAL_HRTIM_WaveformSetOutputLevel	8	static
stm32g4xx_hal_hrtim.c:6297:19:HAL_HRTIM_WaveformOutputStart	4	static
stm32g4xx_hal_hrtim.c:6339:19:HAL_HRTIM_WaveformOutputStop	4	static
stm32g4xx_hal_hrtim.c:6376:19:HAL_HRTIM_WaveformCountStart	4	static
stm32g4xx_hal_hrtim.c:6414:19:HAL_HRTIM_WaveformCountStop	4	static
stm32g4xx_hal_hrtim.c:6455:19:HAL_HRTIM_WaveformCountStart_IT	8	static
stm32g4xx_hal_hrtim.c:6518:19:HAL_HRTIM_WaveformCountStop_IT	16	static
stm32g4xx_hal_hrtim.c:6591:19:HAL_HRTIM_WaveformCountStart_DMA	40	static
stm32g4xx_hal_hrtim.c:6713:19:HAL_HRTIM_WaveformCountStop_DMA	40	static
stm32g4xx_hal_hrtim.c:6788:19:HAL_HRTIM_BurstModeCtl	4	static
stm32g4xx_hal_hrtim.c:6820:19:HAL_HRTIM_BurstModeSoftwareTrigger	4	static
stm32g4xx_hal_hrtim.c:6862:19:HAL_HRTIM_SoftwareCapture	4	static
stm32g4xx_hal_hrtim.c:6935:19:HAL_HRTIM_SoftwareUpdate	4	static
stm32g4xx_hal_hrtim.c:6976:19:HAL_HRTIM_SwapTimerOutput	4	static
stm32g4xx_hal_hrtim.c:7019:19:HAL_HRTIM_SoftwareReset	8	static
stm32g4xx_hal_hrtim.c:7059:19:HAL_HRTIM_OutputSwapEnable	4	static
stm32g4xx_hal_hrtim.c:7099:19:HAL_HRTIM_OutputSwapDisable	4	static
stm32g4xx_hal_hrtim.c:7152:19:HAL_HRTIM_BurstDMATransfer	16	static
stm32g4xx_hal_hrtim.c:7237:19:HAL_HRTIM_UpdateEnable	4	static
stm32g4xx_hal_hrtim.c:7274:19:HAL_HRTIM_UpdateDisable	4	static
stm32g4xx_hal_hrtim.c:7326:24:HAL_HRTIM_GetState	0	static
stm32g4xx_hal_hrtim.c:7349:10:HAL_HRTIM_GetCapturedValue	0	static
stm32g4xx_hal_hrtim.c:7407:27:HAL_HRTIM_GetCaptured	4	static
stm32g4xx_hal_hrtim.c:7464:10:HAL_HRTIM_GetCapturedDir	0	static
stm32g4xx_hal_hrtim.c:7525:10:HAL_HRTIM_WaveformGetOutputLevel	0	static
stm32g4xx_hal_hrtim.c:7619:10:HAL_HRTIM_WaveformGetOutputState	0	static
stm32g4xx_hal_hrtim.c:7770:10:HAL_HRTIM_GetDelayedProtectionStatus	0	static
stm32g4xx_hal_hrtim.c:7846:10:HAL_HRTIM_GetBurstStatus	0	static
stm32g4xx_hal_hrtim.c:7870:10:HAL_HRTIM_GetCurrentPushPullStatus	0	static
stm32g4xx_hal_hrtim.c:7899:10:HAL_HRTIM_GetIdlePushPullStatus	0	static
stm32g4xx_hal_hrtim.c:8013:13:HAL_HRTIM_Fault1Callback	0	static
stm32g4xx_hal_hrtim.c:8028:13:HAL_HRTIM_Fault2Callback	0	static
stm32g4xx_hal_hrtim.c:8043:13:HAL_HRTIM_Fault3Callback	0	static
stm32g4xx_hal_hrtim.c:8058:13:HAL_HRTIM_Fault4Callback	0	static
stm32g4xx_hal_hrtim.c:8073:13:HAL_HRTIM_Fault5Callback	0	static
stm32g4xx_hal_hrtim.c:8088:13:HAL_HRTIM_Fault6Callback	0	static
stm32g4xx_hal_hrtim.c:8103:13:HAL_HRTIM_SystemFaultCallback	0	static
stm32g4xx_hal_hrtim.c:8118:13:HAL_HRTIM_DLLCalibrationReadyCallback	0	static
stm32g4xx_hal_hrtim.c:8133:13:HAL_HRTIM_BurstModePeriodCallback	0	static
stm32g4xx_hal_hrtim.c:8148:13:HAL_HRTIM_SynchronizationEventCallback	0	static
stm32g4xx_hal_hrtim.c:8172:13:HAL_HRTIM_RegistersUpdateCallback	0	static
stm32g4xx_hal_hrtim.c:8198:13:HAL_HRTIM_RepetitionEventCallback	0	static
stm32g4xx_hal_hrtim.c:8225:13:HAL_HRTIM_Compare1EventCallback	0	static
stm32g4xx_hal_hrtim.c:8252:13:HAL_HRTIM_Compare2EventCallback	0	static
stm32g4xx_hal_hrtim.c:8279:13:HAL_HRTIM_Compare3EventCallback	0	static
stm32g4xx_hal_hrtim.c:8306:13:HAL_HRTIM_Compare4EventCallback	0	static
stm32g4xx_hal_hrtim.c:10850:13:HRTIM_DMAMasterCplt	8	static
stm32g4xx_hal_hrtim.c:8331:13:HAL_HRTIM_Capture1EventCallback	0	static
stm32g4xx_hal_hrtim.c:8356:13:HAL_HRTIM_Capture2EventCallback	0	static
stm32g4xx_hal_hrtim.c:8382:13:HAL_HRTIM_DelayedProtectionCallback	0	static
stm32g4xx_hal_hrtim.c:8408:13:HAL_HRTIM_CounterResetCallback	0	static
stm32g4xx_hal_hrtim.c:8433:13:HAL_HRTIM_Output1SetCallback	0	static
stm32g4xx_hal_hrtim.c:8458:13:HAL_HRTIM_Output1ResetCallback	0	static
stm32g4xx_hal_hrtim.c:8483:13:HAL_HRTIM_Output2SetCallback	0	static
stm32g4xx_hal_hrtim.c:8508:13:HAL_HRTIM_Output2ResetCallback	0	static
stm32g4xx_hal_hrtim.c:10921:13:HRTIM_DMATimerxCplt	16	static
stm32g4xx_hal_hrtim.c:7987:6:HAL_HRTIM_IRQHandler	24	static
stm32g4xx_hal_hrtim.c:8534:13:HAL_HRTIM_BurstDMATransferCallback	0	static
stm32g4xx_hal_hrtim.c:11070:13:HRTIM_BurstDMACplt	8	static
stm32g4xx_hal_hrtim.c:8551:13:HAL_HRTIM_ErrorCallback	0	static
stm32g4xx_hal_hrtim.c:11054:13:HRTIM_DMAError	8	static
