stm32g4xx_hal_adc_ex.c:135:19:HAL_ADCEx_Calibration_Start	24	static
stm32g4xx_hal_adc_ex.c:209:10:HAL_ADCEx_Calibration_GetValue	0	static
stm32g4xx_hal_adc_ex.c:229:19:HAL_ADCEx_Calibration_SetValue	12	static
stm32g4xx_hal_adc_ex.c:286:19:HAL_ADCEx_InjectedStart	16	static
stm32g4xx_hal_adc_ex.c:435:19:HAL_ADCEx_InjectedStop	8	static
stm32g4xx_hal_adc_ex.c:490:19:HAL_ADCEx_InjectedPollForConversion	24	static
stm32g4xx_hal_adc_ex.c:631:19:HAL_ADCEx_InjectedStart_IT	16	static
stm32g4xx_hal_adc_ex.c:804:19:HAL_ADCEx_InjectedStop_IT	8	static
stm32g4xx_hal_adc_ex.c:871:19:HAL_ADCEx_MultiModeStart_DMA	136	static
stm32g4xx_hal_adc_ex.c:990:19:HAL_ADCEx_MultiModeStop_DMA	128	static
stm32g4xx_hal_adc_ex.c:1114:10:HAL_ADCEx_MultiModeGetValue	0	static
stm32g4xx_hal_adc_ex.c:1161:10:HAL_ADCEx_InjectedGetValue	0	static
stm32g4xx_hal_adc_ex.c:1196:13:HAL_ADCEx_InjectedConvCpltCallback	0	static
stm32g4xx_hal_adc_ex.c:1215:13:HAL_ADCEx_InjectedQueueOverflowCallback	0	static
stm32g4xx_hal_adc_ex.c:1230:13:HAL_ADCEx_LevelOutOfWindow2Callback	0	static
stm32g4xx_hal_adc_ex.c:1245:13:HAL_ADCEx_LevelOutOfWindow3Callback	0	static
stm32g4xx_hal_adc_ex.c:1261:13:HAL_ADCEx_EndOfSamplingCallback	0	static
stm32g4xx_hal_adc_ex.c:1278:19:HAL_ADCEx_RegularStop	8	static
stm32g4xx_hal_adc_ex.c:1336:19:HAL_ADCEx_RegularStop_IT	8	static
stm32g4xx_hal_adc_ex.c:1396:19:HAL_ADCEx_RegularStop_DMA	16	static
stm32g4xx_hal_adc_ex.c:1483:19:HAL_ADCEx_RegularMultiModeStop_DMA	128	static
stm32g4xx_hal_adc_ex.c:1668:19:HAL_ADCEx_InjectedConfigChannel	32	static,ignoring_inline_asm
stm32g4xx_hal_adc_ex.c:2115:19:HAL_ADCEx_MultiModeConfigChannel	128	static
stm32g4xx_hal_adc_ex.c:2232:19:HAL_ADCEx_EnableInjectedQueue	0	static
stm32g4xx_hal_adc_ex.c:2273:19:HAL_ADCEx_DisableInjectedQueue	0	static
stm32g4xx_hal_adc_ex.c:2310:19:HAL_ADCEx_DisableVoltageRegulator	0	static
stm32g4xx_hal_adc_ex.c:2347:19:HAL_ADCEx_EnterADCDeepPowerDownMode	0	static
