../Drivers/STM32G4xx_HAL_Driver/Src/stm32g4xx_hal_flash.c:174:19:HAL_FLASH_Program	32	static,ignoring_inline_asm
../Drivers/STM32G4xx_HAL_Driver/Src/stm32g4xx_hal_flash.c:242:19:HAL_FLASH_Program_IT	32	static,ignoring_inline_asm
../Drivers/STM32G4xx_HAL_Driver/Src/stm32g4xx_hal_flash.c:442:13:HAL_FLASH_EndOfOperationCallback	0	static
../Drivers/STM32G4xx_HAL_Driver/Src/stm32g4xx_hal_flash.c:460:13:HAL_FLASH_OperationErrorCallback	0	static
../Drivers/STM32G4xx_HAL_Driver/Src/stm32g4xx_hal_flash.c:302:6:HAL_FLASH_IRQHandler	8	static
../Drivers/STM32G4xx_HAL_Driver/Src/stm32g4xx_hal_flash.c:493:19:HAL_FLASH_Unlock	0	static
../Drivers/STM32G4xx_HAL_Driver/Src/stm32g4xx_hal_flash.c:517:19:HAL_FLASH_Lock	0	static
../Drivers/STM32G4xx_HAL_Driver/Src/stm32g4xx_hal_flash.c:537:19:HAL_FLASH_OB_Unlock	0	static
../Drivers/STM32G4xx_HAL_Driver/Src/stm32g4xx_hal_flash.c:561:19:HAL_FLASH_OB_Lock	0	static
../Drivers/STM32G4xx_HAL_Driver/Src/stm32g4xx_hal_flash.c:581:19:HAL_FLASH_OB_Launch	16	static
../Drivers/STM32G4xx_HAL_Driver/Src/stm32g4xx_hal_flash.c:629:10:HAL_FLASH_GetError	0	static
../Drivers/STM32G4xx_HAL_Driver/Src/stm32g4xx_hal_flash.c:653:19:FLASH_WaitForLastOperation	16	static
