../Drivers/STM32G4xx_HAL_Driver/Src/stm32g4xx_hal_gpio.c:170:6:HAL_GPIO_Init	48	static
../Drivers/STM32G4xx_HAL_Driver/Src/stm32g4xx_hal_gpio.c:295:6:HAL_GPIO_DeInit	36	static
../Drivers/STM32G4xx_HAL_Driver/Src/stm32g4xx_hal_gpio.c:376:15:HAL_GPIO_ReadPin	0	static
../Drivers/STM32G4xx_HAL_Driver/Src/stm32g4xx_hal_gpio.c:410:6:HAL_GPIO_WritePin	0	static
../Drivers/STM32G4xx_HAL_Driver/Src/stm32g4xx_hal_gpio.c:433:6:HAL_GPIO_TogglePin	0	static
../Drivers/STM32G4xx_HAL_Driver/Src/stm32g4xx_hal_gpio.c:458:19:HAL_GPIO_LockPin	8	static
../Drivers/STM32G4xx_HAL_Driver/Src/stm32g4xx_hal_gpio.c:508:13:HAL_GPIO_EXTI_Callback	0	static
../Drivers/STM32G4xx_HAL_Driver/Src/stm32g4xx_hal_gpio.c:493:6:HAL_GPIO_EXTI_IRQHandler	8	static
